
> uttoron-landing@0.1.0 build
> vite build

[36mvite v5.4.21 [32mbuilding for production...[36m[39m
transforming...
[32mΓ£ô[39m 3 modules transformed.
x Build failed in 246ms
error during build:
[vite:css] [postcss] It looks like you're trying to use `tailwindcss` directly as a PostCSS plugin. The PostCSS plugin has moved to a separate package, so to continue using Tailwind CSS with PostCSS you'll need to install `@tailwindcss/postcss` and update your PostCSS configuration.
file: C:/laragon/www/uttoron-landing/src/index.css:undefined:NaN
    at at (C:\laragon\www\uttoron-landing\node_modules\tailwindcss\dist\lib.js:38:1643)
    at LazyResult.runOnRoot (C:\laragon\www\uttoron-landing\node_modules\postcss\lib\lazy-result.js:361:16)
    at LazyResult.runAsync (C:\laragon\www\uttoron-landing\node_modules\postcss\lib\lazy-result.js:290:26)
    at LazyResult.async (C:\laragon\www\uttoron-landing\node_modules\postcss\lib\lazy-result.js:192:30)
    at LazyResult.then (C:\laragon\www\uttoron-landing\node_modules\postcss\lib\lazy-result.js:436:17)
    at async compileCSS (file:///C:/laragon/www/uttoron-landing/node_modules/vite/dist/node/chunks/dep-BK3b2jBa.js:36898:21)
    at async Object.transform (file:///C:/laragon/www/uttoron-landing/node_modules/vite/dist/node/chunks/dep-BK3b2jBa.js:36171:11)
    at async transform (file:///C:/laragon/www/uttoron-landing/node_modules/rollup/dist/es/shared/node-entry.js:21316:16)
    at async ModuleLoader.addModuleSource (file:///C:/laragon/www/uttoron-landing/node_modules/rollup/dist/es/shared/node-entry.js:21544:36)
